// Jest Snapshot v1, https://goo.gl/fbAQLP

exports[`About View Unit Testing Should render the component 1`] = `
<div>
  <h1>This is an about page</h1>
</div>
`;
